mode: count
github.com/target/pod-reaper/rules/chaos.go:20.49,22.13 2 16
github.com/target/pod-reaper/rules/chaos.go:22.13,24.3 1 4
github.com/target/pod-reaper/rules/chaos.go:25.2,26.16 2 12
github.com/target/pod-reaper/rules/chaos.go:26.16,28.3 1 3
github.com/target/pod-reaper/rules/chaos.go:29.2,30.57 2 9
github.com/target/pod-reaper/rules/chaos.go:33.58,35.2 1 505
github.com/target/pod-reaper/rules/container_status.go:19.59,21.13 2 17
github.com/target/pod-reaper/rules/container_status.go:21.13,23.3 1 2
github.com/target/pod-reaper/rules/container_status.go:24.2,25.66 2 15
github.com/target/pod-reaper/rules/container_status.go:28.68,29.47 1 9
github.com/target/pod-reaper/rules/container_status.go:29.47,30.64 1 12
github.com/target/pod-reaper/rules/container_status.go:30.64,34.72 2 10
github.com/target/pod-reaper/rules/container_status.go:34.72,36.5 1 3
github.com/target/pod-reaper/rules/container_status.go:40.3,40.72 1 9
github.com/target/pod-reaper/rules/container_status.go:40.72,44.72 2 2
github.com/target/pod-reaper/rules/container_status.go:44.72,46.5 1 2
github.com/target/pod-reaper/rules/container_status.go:49.2,49.18 1 4
github.com/target/pod-reaper/rules/duration.go:19.52,21.13 2 15
github.com/target/pod-reaper/rules/duration.go:21.13,23.3 1 2
github.com/target/pod-reaper/rules/duration.go:24.2,25.16 2 13
github.com/target/pod-reaper/rules/duration.go:25.16,27.3 1 1
github.com/target/pod-reaper/rules/duration.go:28.2,29.65 2 12
github.com/target/pod-reaper/rules/duration.go:32.61,34.25 2 7
github.com/target/pod-reaper/rules/duration.go:34.25,36.3 1 1
github.com/target/pod-reaper/rules/duration.go:37.2,41.46 5 6
github.com/target/pod-reaper/rules/pod_status.go:19.53,21.13 2 15
github.com/target/pod-reaper/rules/pod_status.go:21.13,23.3 1 7
github.com/target/pod-reaper/rules/pod_status.go:24.2,25.60 2 8
github.com/target/pod-reaper/rules/pod_status.go:28.62,30.47 2 5
github.com/target/pod-reaper/rules/pod_status.go:30.47,31.27 1 8
github.com/target/pod-reaper/rules/pod_status.go:31.27,33.4 1 2
github.com/target/pod-reaper/rules/pod_status.go:35.2,35.18 1 3
github.com/target/pod-reaper/rules/pod_status_phase.go:19.58,21.13 2 19
github.com/target/pod-reaper/rules/pod_status_phase.go:21.13,23.3 1 7
github.com/target/pod-reaper/rules/pod_status_phase.go:24.2,25.66 2 12
github.com/target/pod-reaper/rules/pod_status_phase.go:28.67,30.56 2 9
github.com/target/pod-reaper/rules/pod_status_phase.go:30.56,31.32 1 12
github.com/target/pod-reaper/rules/pod_status_phase.go:31.32,33.4 1 6
github.com/target/pod-reaper/rules/pod_status_phase.go:35.2,35.18 1 3
github.com/target/pod-reaper/rules/rules.go:28.33,40.29 3 8
github.com/target/pod-reaper/rules/rules.go:40.29,42.17 2 43
github.com/target/pod-reaper/rules/rules.go:42.17,44.4 1 1
github.com/target/pod-reaper/rules/rules.go:44.9,44.18 1 42
github.com/target/pod-reaper/rules/rules.go:44.18,47.4 2 19
github.com/target/pod-reaper/rules/rules.go:50.2,50.27 1 7
github.com/target/pod-reaper/rules/rules.go:50.27,52.3 1 1
github.com/target/pod-reaper/rules/rules.go:53.2,53.45 1 6
github.com/target/pod-reaper/rules/rules.go:58.60,60.41 2 4
github.com/target/pod-reaper/rules/rules.go:60.41,62.12 2 7
github.com/target/pod-reaper/rules/rules.go:62.12,64.4 1 2
github.com/target/pod-reaper/rules/rules.go:65.3,65.36 1 5
github.com/target/pod-reaper/rules/rules.go:67.2,67.22 1 2
github.com/target/pod-reaper/rules/unready.go:19.51,21.13 2 17
github.com/target/pod-reaper/rules/unready.go:21.13,23.3 1 7
github.com/target/pod-reaper/rules/unready.go:24.2,25.16 2 10
github.com/target/pod-reaper/rules/unready.go:25.16,27.3 1 1
github.com/target/pod-reaper/rules/unready.go:28.2,29.60 2 9
github.com/target/pod-reaper/rules/unready.go:32.60,34.52 2 7
github.com/target/pod-reaper/rules/unready.go:34.52,36.3 1 2
github.com/target/pod-reaper/rules/unready.go:40.2,40.43 1 5
github.com/target/pod-reaper/rules/unready.go:40.43,42.3 1 1
github.com/target/pod-reaper/rules/unready.go:44.2,48.51 5 4
github.com/target/pod-reaper/rules/unready.go:51.83,52.50 1 7
github.com/target/pod-reaper/rules/unready.go:52.50,53.38 1 6
github.com/target/pod-reaper/rules/unready.go:53.38,55.4 1 6
github.com/target/pod-reaper/rules/unready.go:58.2,58.12 1 1
github.com/target/pod-reaper/reaper/main.go:19.13,33.12 9 0
github.com/target/pod-reaper/reaper/main.go:33.12,37.3 3 0
github.com/target/pod-reaper/reaper/main.go:39.2,41.38 3 0
github.com/target/pod-reaper/reaper/main.go:44.33,46.13 2 8
github.com/target/pod-reaper/reaper/main.go:46.13,48.3 1 1
github.com/target/pod-reaper/reaper/main.go:50.2,51.16 2 7
github.com/target/pod-reaper/reaper/main.go:51.16,54.3 2 1
github.com/target/pod-reaper/reaper/main.go:56.2,56.14 1 6
github.com/target/pod-reaper/reaper/main.go:59.38,61.45 2 4
github.com/target/pod-reaper/reaper/main.go:61.45,63.3 1 2
github.com/target/pod-reaper/reaper/main.go:63.8,63.42 1 2
github.com/target/pod-reaper/reaper/main.go:63.42,65.3 1 1
github.com/target/pod-reaper/reaper/main.go:65.8,71.3 2 1
github.com/target/pod-reaper/reaper/options.go:55.25,57.2 1 5
github.com/target/pod-reaper/reaper/options.go:59.36,61.13 2 6
github.com/target/pod-reaper/reaper/options.go:61.13,63.3 1 4
github.com/target/pod-reaper/reaper/options.go:64.2,65.16 2 2
github.com/target/pod-reaper/reaper/options.go:65.16,67.3 1 1
github.com/target/pod-reaper/reaper/options.go:68.2,69.22 2 1
github.com/target/pod-reaper/reaper/options.go:72.70,74.13 2 10
github.com/target/pod-reaper/reaper/options.go:74.13,76.3 1 7
github.com/target/pod-reaper/reaper/options.go:77.2,78.16 2 10
github.com/target/pod-reaper/reaper/options.go:78.16,80.3 1 2
github.com/target/pod-reaper/reaper/options.go:81.2,81.22 1 8
github.com/target/pod-reaper/reaper/options.go:84.24,86.13 2 4
github.com/target/pod-reaper/reaper/options.go:86.13,88.3 1 4
github.com/target/pod-reaper/reaper/options.go:89.2,89.17 1 4
github.com/target/pod-reaper/reaper/options.go:92.43,94.2 1 6
github.com/target/pod-reaper/reaper/options.go:96.52,99.41 3 7
github.com/target/pod-reaper/reaper/options.go:99.41,101.3 1 1
github.com/target/pod-reaper/reaper/options.go:101.8,101.48 1 6
github.com/target/pod-reaper/reaper/options.go:101.48,103.3 1 1
github.com/target/pod-reaper/reaper/options.go:103.8,103.49 1 5
github.com/target/pod-reaper/reaper/options.go:103.49,105.3 1 3
github.com/target/pod-reaper/reaper/options.go:106.2,108.16 3 2
github.com/target/pod-reaper/reaper/options.go:108.16,110.3 1 1
github.com/target/pod-reaper/reaper/options.go:111.2,111.28 1 1
github.com/target/pod-reaper/reaper/options.go:114.54,117.41 3 7
github.com/target/pod-reaper/reaper/options.go:117.41,119.3 1 1
github.com/target/pod-reaper/reaper/options.go:119.8,119.48 1 6
github.com/target/pod-reaper/reaper/options.go:119.48,121.3 1 1
github.com/target/pod-reaper/reaper/options.go:121.8,121.49 1 5
github.com/target/pod-reaper/reaper/options.go:121.49,123.3 1 3
github.com/target/pod-reaper/reaper/options.go:124.2,126.16 3 2
github.com/target/pod-reaper/reaper/options.go:126.16,128.3 1 1
github.com/target/pod-reaper/reaper/options.go:129.2,129.30 1 1
github.com/target/pod-reaper/reaper/options.go:132.59,135.51 3 7
github.com/target/pod-reaper/reaper/options.go:135.51,137.3 1 1
github.com/target/pod-reaper/reaper/options.go:137.8,137.58 1 6
github.com/target/pod-reaper/reaper/options.go:137.58,139.3 1 1
github.com/target/pod-reaper/reaper/options.go:139.8,139.59 1 5
github.com/target/pod-reaper/reaper/options.go:139.59,141.3 1 3
github.com/target/pod-reaper/reaper/options.go:142.2,144.16 3 2
github.com/target/pod-reaper/reaper/options.go:144.16,146.3 1 1
github.com/target/pod-reaper/reaper/options.go:147.2,147.35 1 1
github.com/target/pod-reaper/reaper/options.go:150.29,152.13 2 7
github.com/target/pod-reaper/reaper/options.go:152.13,154.3 1 3
github.com/target/pod-reaper/reaper/options.go:155.2,155.33 1 4
github.com/target/pod-reaper/reaper/options.go:158.29,160.13 2 6
github.com/target/pod-reaper/reaper/options.go:160.13,162.3 1 3
github.com/target/pod-reaper/reaper/options.go:164.2,165.16 2 3
github.com/target/pod-reaper/reaper/options.go:165.16,167.3 1 1
github.com/target/pod-reaper/reaper/options.go:169.2,169.11 1 2
github.com/target/pod-reaper/reaper/options.go:169.11,171.3 1 1
github.com/target/pod-reaper/reaper/options.go:173.2,173.15 1 1
github.com/target/pod-reaper/reaper/options.go:176.43,179.14 2 8
github.com/target/pod-reaper/reaper/options.go:179.14,181.3 1 2
github.com/target/pod-reaper/reaper/options.go:183.2,184.20 2 6
github.com/target/pod-reaper/reaper/options.go:187.29,187.30 0 12
github.com/target/pod-reaper/reaper/options.go:189.32,190.41 1 10
github.com/target/pod-reaper/reaper/options.go:190.41,190.80 1 30
github.com/target/pod-reaper/reaper/options.go:193.37,194.39 1 2
github.com/target/pod-reaper/reaper/options.go:194.39,195.38 1 7
github.com/target/pod-reaper/reaper/options.go:195.38,197.4 1 1
github.com/target/pod-reaper/reaper/options.go:198.3,198.38 1 6
github.com/target/pod-reaper/reaper/options.go:198.38,200.4 1 2
github.com/target/pod-reaper/reaper/options.go:201.3,201.75 1 4
github.com/target/pod-reaper/reaper/options.go:205.39,206.39 1 1
github.com/target/pod-reaper/reaper/options.go:206.39,207.38 1 5
github.com/target/pod-reaper/reaper/options.go:207.38,209.4 1 1
github.com/target/pod-reaper/reaper/options.go:210.3,210.38 1 4
github.com/target/pod-reaper/reaper/options.go:210.38,212.4 1 2
github.com/target/pod-reaper/reaper/options.go:213.3,213.75 1 2
github.com/target/pod-reaper/reaper/options.go:217.41,218.39 1 1
github.com/target/pod-reaper/reaper/options.go:218.39,220.3 1 4
github.com/target/pod-reaper/reaper/options.go:223.51,225.14 2 8
github.com/target/pod-reaper/reaper/options.go:225.14,227.3 1 3
github.com/target/pod-reaper/reaper/options.go:228.2,228.25 1 5
github.com/target/pod-reaper/reaper/options.go:229.16,230.25 1 1
github.com/target/pod-reaper/reaper/options.go:231.22,232.30 1 1
github.com/target/pod-reaper/reaper/options.go:233.24,234.32 1 1
github.com/target/pod-reaper/reaper/options.go:235.27,236.34 1 1
github.com/target/pod-reaper/reaper/options.go:237.10,238.57 1 1
github.com/target/pod-reaper/reaper/options.go:242.28,244.13 2 2
github.com/target/pod-reaper/reaper/options.go:244.13,246.3 1 2
github.com/target/pod-reaper/reaper/options.go:247.2,247.33 1 0
github.com/target/pod-reaper/reaper/options.go:250.42,252.2 1 2
github.com/target/pod-reaper/reaper/options.go:254.45,256.2 1 2
github.com/target/pod-reaper/reaper/options.go:258.49,260.58 2 3
github.com/target/pod-reaper/reaper/options.go:260.58,262.3 1 0
github.com/target/pod-reaper/reaper/options.go:263.2,264.58 2 3
github.com/target/pod-reaper/reaper/options.go:264.58,266.3 1 1
github.com/target/pod-reaper/reaper/options.go:267.2,267.64 1 2
github.com/target/pod-reaper/reaper/options.go:267.64,269.3 1 0
github.com/target/pod-reaper/reaper/options.go:270.2,270.68 1 2
github.com/target/pod-reaper/reaper/options.go:270.68,272.3 1 0
github.com/target/pod-reaper/reaper/options.go:273.2,273.78 1 2
github.com/target/pod-reaper/reaper/options.go:273.78,275.3 1 0
github.com/target/pod-reaper/reaper/options.go:276.2,276.48 1 2
github.com/target/pod-reaper/reaper/options.go:276.48,278.3 1 0
github.com/target/pod-reaper/reaper/options.go:279.2,279.50 1 2
github.com/target/pod-reaper/reaper/options.go:279.50,281.3 1 0
github.com/target/pod-reaper/reaper/options.go:282.2,282.72 1 2
github.com/target/pod-reaper/reaper/options.go:282.72,284.3 1 0
github.com/target/pod-reaper/reaper/options.go:285.2,285.46 1 2
github.com/target/pod-reaper/reaper/options.go:285.46,287.3 1 0
github.com/target/pod-reaper/reaper/options.go:288.2,288.56 1 2
github.com/target/pod-reaper/reaper/options.go:288.56,290.3 1 0
github.com/target/pod-reaper/reaper/options.go:291.2,291.62 1 2
github.com/target/pod-reaper/reaper/options.go:291.62,293.3 1 0
github.com/target/pod-reaper/reaper/options.go:296.2,296.56 1 2
github.com/target/pod-reaper/reaper/options.go:296.56,298.3 1 1
github.com/target/pod-reaper/reaper/options.go:299.2,299.21 1 1
github.com/target/pod-reaper/reaper/reaper.go:25.25,27.16 2 0
github.com/target/pod-reaper/reaper/reaper.go:27.16,29.3 1 0
github.com/target/pod-reaper/reaper/reaper.go:30.2,31.16 2 0
github.com/target/pod-reaper/reaper/reaper.go:31.16,33.3 1 0
github.com/target/pod-reaper/reaper/reaper.go:34.2,34.22 1 0
github.com/target/pod-reaper/reaper/reaper.go:34.22,36.3 1 0
github.com/target/pod-reaper/reaper/reaper.go:37.2,38.16 2 0
github.com/target/pod-reaper/reaper/reaper.go:38.16,40.3 1 0
github.com/target/pod-reaper/reaper/reaper.go:41.2,44.3 1 0
github.com/target/pod-reaper/reaper/reaper.go:48.39,49.16 1 1
github.com/target/pod-reaper/reaper/reaper.go:49.16,51.3 1 0
github.com/target/pod-reaper/reaper/reaper.go:53.2,53.38 1 1
github.com/target/pod-reaper/reaper/reaper.go:53.38,55.3 1 0
github.com/target/pod-reaper/reaper/reaper.go:57.2,57.75 1 1
github.com/target/pod-reaper/reaper/reaper.go:57.75,59.3 1 0
github.com/target/pod-reaper/reaper/reaper.go:61.2,61.36 1 1
github.com/target/pod-reaper/reaper/reaper.go:61.36,63.3 1 0
github.com/target/pod-reaper/reaper/reaper.go:65.2,65.46 1 1
github.com/target/pod-reaper/reaper/reaper.go:65.46,67.3 1 0
github.com/target/pod-reaper/reaper/reaper.go:68.2,68.14 1 1
github.com/target/pod-reaper/reaper/reaper.go:71.72,75.84 4 13
github.com/target/pod-reaper/reaper/reaper.go:75.84,77.43 2 2
github.com/target/pod-reaper/reaper/reaper.go:77.43,79.4 1 1
github.com/target/pod-reaper/reaper/reaper.go:80.3,80.45 1 2
github.com/target/pod-reaper/reaper/reaper.go:80.45,82.4 1 1
github.com/target/pod-reaper/reaper/reaper.go:83.3,83.48 1 2
github.com/target/pod-reaper/reaper/reaper.go:86.2,90.63 4 13
github.com/target/pod-reaper/reaper/reaper.go:90.63,97.3 5 13
github.com/target/pod-reaper/reaper/reaper.go:99.2,99.16 1 13
github.com/target/pod-reaper/reaper/reaper.go:99.16,101.3 1 1
github.com/target/pod-reaper/reaper/reaper.go:103.2,104.49 2 12
github.com/target/pod-reaper/reaper/reaper.go:104.49,106.3 1 1
github.com/target/pod-reaper/reaper/reaper.go:107.2,107.21 1 12
github.com/target/pod-reaper/reaper/reaper.go:110.53,112.27 2 2
github.com/target/pod-reaper/reaper/reaper.go:112.27,114.61 2 4
github.com/target/pod-reaper/reaper/reaper.go:114.61,116.4 1 2
github.com/target/pod-reaper/reaper/reaper.go:118.2,118.17 1 2
github.com/target/pod-reaper/reaper/reaper.go:121.97,132.27 3 11
github.com/target/pod-reaper/reaper/reaper.go:132.27,135.3 2 1
github.com/target/pod-reaper/reaper/reaper.go:137.2,137.72 1 10
github.com/target/pod-reaper/reaper/reaper.go:137.72,143.3 2 2
github.com/target/pod-reaper/reaper/reaper.go:145.2,152.26 5 8
github.com/target/pod-reaper/reaper/reaper.go:152.26,157.3 1 1
github.com/target/pod-reaper/reaper/reaper.go:157.8,159.3 1 7
github.com/target/pod-reaper/reaper/reaper.go:160.2,160.16 1 8
github.com/target/pod-reaper/reaper/reaper.go:160.16,162.3 1 1
github.com/target/pod-reaper/reaper/reaper.go:165.55,169.16 3 5
github.com/target/pod-reaper/reaper/reaper.go:169.16,173.3 2 0
github.com/target/pod-reaper/reaper/reaper.go:175.2,176.33 2 5
github.com/target/pod-reaper/reaper/reaper.go:176.33,178.10 1 8
github.com/target/pod-reaper/reaper/reaper.go:179.21,181.10 2 1
github.com/target/pod-reaper/reaper/reaper.go:182.11,182.11 0 7
github.com/target/pod-reaper/reaper/reaper.go:185.3,186.17 2 7
github.com/target/pod-reaper/reaper/reaper.go:186.17,192.65 3 5
github.com/target/pod-reaper/reaper/reaper.go:192.65,193.12 1 0
github.com/target/pod-reaper/reaper/reaper.go:194.23,196.12 2 0
github.com/target/pod-reaper/reaper/reaper.go:197.53,197.53 0 0
github.com/target/pod-reaper/reaper/reaper.go:203.2,203.74 1 4
github.com/target/pod-reaper/reaper/reaper.go:206.43,212.2 1 3
github.com/target/pod-reaper/reaper/reaper.go:214.51,217.61 3 3
github.com/target/pod-reaper/reaper/reaper.go:217.61,219.3 1 0
github.com/target/pod-reaper/reaper/reaper.go:221.2,221.16 1 3
github.com/target/pod-reaper/reaper/reaper.go:221.16,224.3 1 1
github.com/target/pod-reaper/reaper/reaper.go:226.2,229.16 3 2
github.com/target/pod-reaper/reaper/reaper.go:229.16,232.3 2 1
github.com/target/pod-reaper/reaper/reaper.go:232.8,233.10 1 1
github.com/target/pod-reaper/reaper/reaper.go:234.21,235.63 1 0
github.com/target/pod-reaper/reaper/reaper.go:236.49,237.59 1 1
github.com/target/pod-reaper/reaper/reaper.go:242.2,244.42 3 2
